{"type":"server-started","port":55780,"host":"127.0.0.1","url_host":"localhost","url":"http://localhost:55780","screen_dir":"/Users/hwandam/workspace/URLFavorites_2.0/.superpowers/brainstorm/47461-1775768849/content","state_dir":"/Users/hwandam/workspace/URLFavorites_2.0/.superpowers/brainstorm/47461-1775768849/state"}
{"type":"screen-added","file":"/Users/hwandam/workspace/URLFavorites_2.0/.superpowers/brainstorm/47461-1775768849/content/visual-style.html"}
{"source":"user-event","type":"click","text":"C. 워머 에디토리얼\n      크림 + 테라코타. 출판물 느낌, 고유한 개성.","choice":"warm-editorial","id":null,"timestamp":1775768914105}
{"source":"user-event","type":"click","text":"C. 워머 에디토리얼\n      크림 + 테라코타. 출판물 느낌, 고유한 개성.","choice":"warm-editorial","id":null,"timestamp":1775768915576}
{"source":"user-event","type":"click","text":"C. 워머 에디토리얼\n      크림 + 테라코타. 출판물 느낌, 고유한 개성.","choice":"warm-editorial","id":null,"timestamp":1775768915746}
{"source":"user-event","type":"click","text":"C. 워머 에디토리얼\n      크림 + 테라코타. 출판물 느낌, 고유한 개성.","choice":"warm-editorial","id":null,"timestamp":1775768927955}
{"source":"user-event","type":"click","text":"C. 워머 에디토리얼\n      크림 + 테라코타. 출판물 느낌, 고유한 개성.","choice":"warm-editorial","id":null,"timestamp":1775768929137}
{"source":"user-event","type":"click","text":"C. 워머 에디토리얼\n      크림 + 테라코타. 출판물 느낌, 고유한 개성.","choice":"warm-editorial","id":null,"timestamp":1775768929381}
{"source":"user-event","type":"click","text":"C. 워머 에디토리얼\n      크림 + 테라코타. 출판물 느낌, 고유한 개성.","choice":"warm-editorial","id":null,"timestamp":1775768929576}
{"source":"user-event","type":"click","text":"C. 워머 에디토리얼\n      크림 + 테라코타. 출판물 느낌, 고유한 개성.","choice":"warm-editorial","id":null,"timestamp":1775768929749}
{"source":"user-event","type":"click","text":"C. 워머 에디토리얼\n      크림 + 테라코타. 출판물 느낌, 고유한 개성.","choice":"warm-editorial","id":null,"timestamp":1775768930397}
{"source":"user-event","type":"click","text":"C. 워머 에디토리얼\n      크림 + 테라코타. 출판물 느낌, 고유한 개성.","choice":"warm-editorial","id":null,"timestamp":1775768930596}
{"source":"user-event","type":"click","text":"C. 워머 에디토리얼\n      크림 + 테라코타. 출판물 느낌, 고유한 개성.","choice":"warm-editorial","id":null,"timestamp":1775768930837}
{"source":"user-event","type":"click","text":"C. 워머 에디토리얼\n      크림 + 테라코타. 출판물 느낌, 고유한 개성.","choice":"warm-editorial","id":null,"timestamp":1775768931023}
{"source":"user-event","type":"click","text":"C. 워머 에디토리얼\n      크림 + 테라코타. 출판물 느낌, 고유한 개성.","choice":"warm-editorial","id":null,"timestamp":1775768931447}
{"source":"user-event","type":"click","text":"C. 워머 에디토리얼\n      크림 + 테라코타. 출판물 느낌, 고유한 개성.","choice":"warm-editorial","id":null,"timestamp":1775768931804}
{"source":"user-event","type":"click","text":"C. 워머 에디토리얼\n      크림 + 테라코타. 출판물 느낌, 고유한 개성.","choice":"warm-editorial","id":null,"timestamp":1775768932013}
{"source":"user-event","type":"click","text":"C. 워머 에디토리얼\n      크림 + 테라코타. 출판물 느낌, 고유한 개성.","choice":"warm-editorial","id":null,"timestamp":1775768932787}
{"source":"user-event","type":"click","text":"C. 워머 에디토리얼\n      크림 + 테라코타. 출판물 느낌, 고유한 개성.","choice":"warm-editorial","id":null,"timestamp":1775768933022}
{"source":"user-event","type":"click","text":"C. 워머 에디토리얼\n      크림 + 테라코타. 출판물 느낌, 고유한 개성.","choice":"warm-editorial","id":null,"timestamp":1775768938978}
{"source":"user-event","type":"click","text":"C. 워머 에디토리얼\n      크림 + 테라코타. 출판물 느낌, 고유한 개성.","choice":"warm-editorial","id":null,"timestamp":1775768940470}
{"type":"screen-added","file":"/Users/hwandam/workspace/URLFavorites_2.0/.superpowers/brainstorm/47461-1775768849/content/component-style.html"}
{"source":"user-event","type":"click","text":"타이틀\n          URL 설명이 여기 들어갑니다. 두 줄까지 표시됩니다.\n          \n            태그1\n            태그2\n          \n        \n      \n    \n    \n      C. 에디토리얼 카드\n      좌측 액센트 보더, 대형 타이틀. 잡지 레이아웃.","choice":"editorial-card","id":null,"timestamp":1775768974488}
{"source":"user-event","type":"click","text":"타이틀\n          URL 설명이 여기 들어갑니다. 두 줄까지 표시됩니다.\n          \n            태그1\n            태그2\n          \n        \n      \n    \n    \n      C. 에디토리얼 카드\n      좌측 액센트 보더, 대형 타이틀. 잡지 레이아웃.","choice":"editorial-card","id":null,"timestamp":1775768975321}
{"source":"user-event","type":"click","text":"타이틀\n          URL 설명이 여기 들어갑니다. 두 줄까지 표시됩니다.\n          \n            태그1\n            태그2\n          \n        \n      \n    \n    \n      C. 에디토리얼 카드\n      좌측 액센트 보더, 대형 타이틀. 잡지 레이아웃.","choice":"editorial-card","id":null,"timestamp":1775768975506}
{"type":"screen-added","file":"/Users/hwandam/workspace/URLFavorites_2.0/.superpowers/brainstorm/47461-1775768849/content/theme-mode.html"}
{"source":"user-event","type":"click","text":"☀ / ☽\n        \n      \n    \n    \n      C. 토글 전환 (둘 다)\n      사용자가 선택. 동일 카드로 라이트/다크 각각 다른 무드.","choice":"toggle-both","id":null,"timestamp":1775769007930}
{"type":"screen-added","file":"/Users/hwandam/workspace/URLFavorites_2.0/.superpowers/brainstorm/47461-1775768849/content/waiting.html"}
{"type":"server-stopped","reason":"owner process exited"}
